
--- Testing Query: '������ �����' ---
Exception: HTTPConnectionPool(host='127.0.0.1', port=8001): Read timed out.

--- Testing Query: '������ pc ��' ---
Exception: HTTPConnectionPool(host='127.0.0.1', port=8001): Read timed out.

--- Testing Query: '������ ��� pc ��' ---
Exception: HTTPConnectionPool(host='127.0.0.1', port=8001): Read timed out.

--- Testing Query: '�߸��� ī��' ---
Exception: HTTPConnectionPool(host='127.0.0.1', port=8001): Read timed out.
